// Jest Snapshot v1, https://goo.gl/fbAQLP

exports[`Grid renders correctly 1`] = `
<div
  style={
    Object {
      "textAlign": "center",
    }
  }
>
  <div
    key="0"
  >
    <Node
      col={0}
      isWeighted={true}
      key="0"
      onMouseDown={[MockFunction]}
      onMouseEnter={[MockFunction]}
      onMouseUp={[MockFunction]}
      row={0}
      val={0}
      weight={1}
    />
    <Node
      col={1}
      isWeighted={true}
      key="1"
      onMouseDown={[MockFunction]}
      onMouseEnter={[MockFunction]}
      onMouseUp={[MockFunction]}
      row={0}
      val={1}
      weight={1}
    />
    <Node
      col={2}
      isWeighted={true}
      key="2"
      onMouseDown={[MockFunction]}
      onMouseEnter={[MockFunction]}
      onMouseUp={[MockFunction]}
      row={0}
      val={2}
      weight={1}
    />
    <Node
      col={3}
      isWeighted={true}
      key="3"
      onMouseDown={[MockFunction]}
      onMouseEnter={[MockFunction]}
      onMouseUp={[MockFunction]}
      row={0}
      val={3}
      weight={1}
    />
    <Node
      col={4}
      isWeighted={true}
      key="4"
      onMouseDown={[MockFunction]}
      onMouseEnter={[MockFunction]}
      onMouseUp={[MockFunction]}
      row={0}
      val={4}
      weight={1}
    />
  </div>
  <div
    key="1"
  >
    <Node
      col={0}
      isWeighted={true}
      key="5"
      onMouseDown={[MockFunction]}
      onMouseEnter={[MockFunction]}
      onMouseUp={[MockFunction]}
      row={1}
      val={5}
      weight={1}
    />
    <Node
      col={1}
      isWeighted={true}
      key="6"
      onMouseDown={[MockFunction]}
      onMouseEnter={[MockFunction]}
      onMouseUp={[MockFunction]}
      row={1}
      val={6}
      weight={1}
    />
    <Node
      col={2}
      isWeighted={true}
      key="7"
      onMouseDown={[MockFunction]}
      onMouseEnter={[MockFunction]}
      onMouseUp={[MockFunction]}
      row={1}
      val={7}
      weight={1}
    />
    <Node
      col={3}
      isWeighted={true}
      key="8"
      onMouseDown={[MockFunction]}
      onMouseEnter={[MockFunction]}
      onMouseUp={[MockFunction]}
      row={1}
      val={8}
      weight={1}
    />
    <Node
      col={4}
      isWeighted={true}
      key="9"
      onMouseDown={[MockFunction]}
      onMouseEnter={[MockFunction]}
      onMouseUp={[MockFunction]}
      row={1}
      val={9}
      weight={1}
    />
  </div>
  <div
    key="2"
  >
    <Node
      col={0}
      isWeighted={true}
      key="10"
      onMouseDown={[MockFunction]}
      onMouseEnter={[MockFunction]}
      onMouseUp={[MockFunction]}
      row={2}
      val={10}
      weight={1}
    />
    <Node
      col={1}
      isWeighted={true}
      key="11"
      onMouseDown={[MockFunction]}
      onMouseEnter={[MockFunction]}
      onMouseUp={[MockFunction]}
      row={2}
      val={11}
      weight={1}
    />
    <Node
      col={2}
      isWeighted={true}
      key="12"
      onMouseDown={[MockFunction]}
      onMouseEnter={[MockFunction]}
      onMouseUp={[MockFunction]}
      row={2}
      val={12}
      weight={1}
    />
    <Node
      col={3}
      isWeighted={true}
      key="13"
      onMouseDown={[MockFunction]}
      onMouseEnter={[MockFunction]}
      onMouseUp={[MockFunction]}
      row={2}
      val={13}
      weight={1}
    />
    <Node
      col={4}
      isWeighted={true}
      key="14"
      onMouseDown={[MockFunction]}
      onMouseEnter={[MockFunction]}
      onMouseUp={[MockFunction]}
      row={2}
      val={14}
      weight={1}
    />
  </div>
  <div
    key="3"
  >
    <Node
      col={0}
      isWeighted={true}
      key="15"
      onMouseDown={[MockFunction]}
      onMouseEnter={[MockFunction]}
      onMouseUp={[MockFunction]}
      row={3}
      val={15}
      weight={1}
    />
    <Node
      col={1}
      isWeighted={true}
      key="16"
      onMouseDown={[MockFunction]}
      onMouseEnter={[MockFunction]}
      onMouseUp={[MockFunction]}
      row={3}
      val={16}
      weight={1}
    />
    <Node
      col={2}
      isWeighted={true}
      key="17"
      onMouseDown={[MockFunction]}
      onMouseEnter={[MockFunction]}
      onMouseUp={[MockFunction]}
      row={3}
      val={17}
      weight={1}
    />
    <Node
      col={3}
      isWeighted={true}
      key="18"
      onMouseDown={[MockFunction]}
      onMouseEnter={[MockFunction]}
      onMouseUp={[MockFunction]}
      row={3}
      val={18}
      weight={1}
    />
    <Node
      col={4}
      isWeighted={true}
      key="19"
      onMouseDown={[MockFunction]}
      onMouseEnter={[MockFunction]}
      onMouseUp={[MockFunction]}
      row={3}
      val={19}
      weight={1}
    />
  </div>
  <div
    key="4"
  >
    <Node
      col={0}
      isWeighted={true}
      key="20"
      onMouseDown={[MockFunction]}
      onMouseEnter={[MockFunction]}
      onMouseUp={[MockFunction]}
      row={4}
      val={20}
      weight={1}
    />
    <Node
      col={1}
      isWeighted={true}
      key="21"
      onMouseDown={[MockFunction]}
      onMouseEnter={[MockFunction]}
      onMouseUp={[MockFunction]}
      row={4}
      val={21}
      weight={1}
    />
    <Node
      col={2}
      isWeighted={true}
      key="22"
      onMouseDown={[MockFunction]}
      onMouseEnter={[MockFunction]}
      onMouseUp={[MockFunction]}
      row={4}
      val={22}
      weight={1}
    />
    <Node
      col={3}
      isWeighted={true}
      key="23"
      onMouseDown={[MockFunction]}
      onMouseEnter={[MockFunction]}
      onMouseUp={[MockFunction]}
      row={4}
      val={23}
      weight={1}
    />
    <Node
      col={4}
      isWeighted={true}
      key="24"
      onMouseDown={[MockFunction]}
      onMouseEnter={[MockFunction]}
      onMouseUp={[MockFunction]}
      row={4}
      val={24}
      weight={1}
    />
  </div>
</div>
`;
