// Jest Snapshot v1, https://goo.gl/fbAQLP

exports[`Nav renders correctly 1`] = `
<WithStyles(ForwardRef(AppBar))
  className="makeStyles-Navbar-1"
  color="inherit"
  position="static"
>
  <WithStyles(ForwardRef(Toolbar))>
    <WithStyles(ForwardRef(Typography))
      className="makeStyles-title-2"
      color="inherit"
      variant="h6"
    >
      Pathfinding Visualizer
    </WithStyles(ForwardRef(Typography))>
    <div
      className="makeStyles-btnOpt-3"
    >
       
      <WithStyles(ForwardRef(Button))
        className="makeStyles-button-4"
        disabled={false}
        key="btnOpt-Clear"
        onClick={[Function]}
      >
        Clear
      </WithStyles(ForwardRef(Button))>
      <WithStyles(ForwardRef(Button))
        className="makeStyles-button-4"
        disabled={false}
        key="btnOpt-Clear Path"
        onClick={[Function]}
      >
        Clear Path
      </WithStyles(ForwardRef(Button))>
      <WithStyles(ForwardRef(Button))
        className="makeStyles-button-4"
        disabled={false}
        key="btnOpt-Maze"
        onClick={[Function]}
      >
        Maze
      </WithStyles(ForwardRef(Button))>
      <WithStyles(ForwardRef(Button))
        className="makeStyles-button-4"
        disabled={false}
        key="btnOpt-Weighted Grid"
        onClick={[Function]}
      >
        Weighted Grid
      </WithStyles(ForwardRef(Button))>
      <WithStyles(ForwardRef(Button))
        className="makeStyles-button-4"
        disabled={false}
        key="btnOpt-Negative"
        onClick={[Function]}
      >
        Negative
      </WithStyles(ForwardRef(Button))>
    </div>
    <div>
      <WithStyles(ForwardRef(Button))
        className="makeStyles-button-4"
        disabled={false}
        key="unWBtn-BFS"
        onClick={[Function]}
      >
        <WithStyles(ForwardRef(Typography))
          className="makeStyles-text-7"
        >
          BFS
        </WithStyles(ForwardRef(Typography))>
      </WithStyles(ForwardRef(Button))>
      <WithStyles(ForwardRef(Button))
        className="makeStyles-button-4"
        disabled={false}
        key="unWBtn-DFS"
        onClick={[Function]}
      >
        <WithStyles(ForwardRef(Typography))
          className="makeStyles-text-7"
        >
          DFS
        </WithStyles(ForwardRef(Typography))>
      </WithStyles(ForwardRef(Button))>
    </div>
    <div />
    <WithStyles(ForwardRef(Button))
      className="makeStyles-button-4"
      onClick={[Function]}
    >
      Instructions
    </WithStyles(ForwardRef(Button))>
  </WithStyles(ForwardRef(Toolbar))>
</WithStyles(ForwardRef(AppBar))>
`;
